<?xml version="1.0"?>
<timestamp>1615402279</timestamp>
<robot>
	<point_clouds />
	<link name="1e5cb237-260d-416d-a17c-299d8f15d780" label="root" type="FloorRoot">
		<inertial>
			<origin xyz="0 0 0" rpy="-0 0 -0" />
			<mass value="1" />
			<inertia ixx="1" ixy="1" ixz="1" iyy="1" iyz="1" izz="1" />
		</inertial>
		<visual>
			<origin xyz="0 0 0" rpy="-0 0 -0" />
			<geometry>
				<rectangle size="2000.000000 2000.000000" />
			</geometry>
		</visual>
		<collision>
			<origin xyz="0 0 0" rpy="-0 0 -0" />
			<geometry>
				<rectangle size="2000.000000 2000.000000" />
			</geometry>
		</collision>
	</link>
	<joint name="f5ae0e16-3255-4364-9612-ebfefcb885e4" label="FixedBox" type="fixed">
		<origin xyz="0.560637831687927 0.535826921463013 0.00499999523162842" rpy="-0 0 -0" />
		<axis xyz="0 0 1" />
		<parent link="1e5cb237-260d-416d-a17c-299d8f15d780" />
		<child link="f4bf7e11-6cc0-4433-a15d-b015b34b82c3" />
		<limits effort="100000000" velocity="100000000" lower="0" upper="0" />
	</joint>
	<link name="f4bf7e11-6cc0-4433-a15d-b015b34b82c3" label="Box" type="Default">
		<inertial>
			<origin xyz="0 0 0" rpy="-0 0 -0" />
			<mass value="1" />
			<inertia ixx="1" ixy="1" ixz="1" iyy="1" iyz="1" izz="1" />
		</inertial>
		<visual>
			<origin xyz="0 0 0" rpy="-0 0 -0" />
			<geometry>
				<box size="1.000000 1.000000 1.000000" />
			</geometry>
		</visual>
		<collision>
			<origin xyz="0 0 0" rpy="-0 0 -0" />
			<geometry>
				<box size="1.000000 1.000000 1.000000" />
			</geometry>
		</collision>
	</link>
</robot>
