<?xml version="1.0"?>
<timestamp>1613478717</timestamp>
<robot>
	<point_clouds />
	<link name="0b5242ea-7372-4ce0-a170-5fd59e69984e" label="root" type="FloorRoot">
		<inertial>
			<origin xyz="0 0 0" rpy="-0 0 -0" />
			<mass value="1" />
			<inertia ixx="1" ixy="1" ixz="1" iyy="1" iyz="1" izz="1" />
		</inertial>
		<visual>
			<origin xyz="0 0 0" rpy="-0 0 -0" />
			<geometry>
				<rectangle size="300.000000 300.000000" />
			</geometry>
		</visual>
		<collision>
			<origin xyz="0 0 0" rpy="-0 0 -0" />
			<geometry>
				<rectangle size="300.000000 300.000000" />
			</geometry>
		</collision>
	</link>
	<joint name="9f305184-6445-43dd-8582-338c31bc56fb" label="FixedWall" type="fixed">
		<origin xyz="-0.994006 1.99771 0" rpy="1.5708 -3.12355 1.5708" />
		<axis xyz="0 0 1" />
		<parent link="0b5242ea-7372-4ce0-a170-5fd59e69984e" />
		<child link="529a5ab5-a85e-4aea-b166-8bb06093a874" />
		<limits effort="100000000" velocity="100000000" lower="0" upper="0" />
	</joint>
	<link name="529a5ab5-a85e-4aea-b166-8bb06093a874" label="Wall" type="Wall">
		<inertial>
			<origin xyz="1.25 0 0" rpy="-0 0 -0" />
			<mass value="1" />
			<inertia ixx="1" ixy="1" ixz="1" iyy="1" iyz="1" izz="1" />
		</inertial>
		<visual>
			<origin xyz="1.25 0 0" rpy="-0 0 -0" />
			<geometry>
				<rectangle size="2.500000 1.991291" />
			</geometry>
		</visual>
		<collision>
			<origin xyz="1.25 0 0" rpy="-0 0 -0" />
			<geometry>
				<rectangle size="2.500000 1.991291" />
			</geometry>
		</collision>
	</link>
	<joint name="50fce514-91ff-4ca5-b7f1-a959a2097dd5" label="FixedWall" type="fixed">
		<origin xyz="-1.97683 0.00499904 0" rpy="1.57078999999996 -1.56438 1.57078999999996" />
		<axis xyz="0 0 1" />
		<parent link="0b5242ea-7372-4ce0-a170-5fd59e69984e" />
		<child link="9ea65264-79a7-41ab-8894-52d3a8d535ce" />
		<limits effort="100000000" velocity="100000000" lower="0" upper="0" />
	</joint>
	<link name="9ea65264-79a7-41ab-8894-52d3a8d535ce" label="Wall" type="Wall">
		<inertial>
			<origin xyz="1.25 0 0" rpy="-0 0 -0" />
			<mass value="1" />
			<inertia ixx="1" ixy="1" ixz="1" iyy="1" iyz="1" izz="1" />
		</inertial>
		<visual>
			<origin xyz="1.25 0 0" rpy="-0 0 -0" />
			<geometry>
				<rectangle size="2.500000 3.949562" />
			</geometry>
		</visual>
		<collision>
			<origin xyz="1.25 0 0" rpy="-0 0 -0" />
			<geometry>
				<rectangle size="2.500000 3.949562" />
			</geometry>
		</collision>
	</link>
	<joint name="69cd7026-0e4d-424a-9a68-3d63fd273089" label="FixedWall" type="fixed">
		<origin xyz="-0.0193091 -1.95466 0" rpy="1.5708 0.00775559999999996 1.5708" />
		<axis xyz="0 0 1" />
		<parent link="0b5242ea-7372-4ce0-a170-5fd59e69984e" />
		<child link="9214c4e2-f237-44d8-8c4a-96d8fd78ed02" />
		<limits effort="100000000" velocity="100000000" lower="0" upper="0" />
	</joint>
	<link name="9214c4e2-f237-44d8-8c4a-96d8fd78ed02" label="Wall" type="Wall">
		<inertial>
			<origin xyz="1.25 0 0" rpy="-0 0 -0" />
			<mass value="1" />
			<inertia ixx="1" ixy="1" ixz="1" iyy="1" iyz="1" izz="1" />
		</inertial>
		<visual>
			<origin xyz="1.25 0 0" rpy="-0 0 -0" />
			<geometry>
				<rectangle size="2.500000 3.889829" />
			</geometry>
		</visual>
		<collision>
			<origin xyz="1.25 0 0" rpy="-0 0 -0" />
			<geometry>
				<rectangle size="2.500000 3.889829" />
			</geometry>
		</collision>
	</link>
	<joint name="2f5fc2fe-e6a8-4af5-b0be-499377b2106f" label="FixedWall" type="fixed">
		<origin xyz="1.9688 0.0371695 0" rpy="1.57078999999999 1.54892 1.57080000000001" />
		<axis xyz="0 0 1" />
		<parent link="0b5242ea-7372-4ce0-a170-5fd59e69984e" />
		<child link="a311ba69-4008-4cf9-9ae8-f68b072b7c2b" />
		<limits effort="100000000" velocity="100000000" lower="0" upper="0" />
	</joint>
	<link name="a311ba69-4008-4cf9-9ae8-f68b072b7c2b" label="Wall" type="Wall">
		<inertial>
			<origin xyz="1.25 0 0" rpy="-0 0 -0" />
			<mass value="1" />
			<inertia ixx="1" ixy="1" ixz="1" iyy="1" iyz="1" izz="1" />
		</inertial>
		<visual>
			<origin xyz="1.25 0 0" rpy="-0 0 -0" />
			<geometry>
				<rectangle size="2.500000 3.954432" />
			</geometry>
		</visual>
		<collision>
			<origin xyz="1.25 0 0" rpy="-0 0 -0" />
			<geometry>
				<rectangle size="2.500000 3.954432" />
			</geometry>
		</collision>
	</link>
	<joint name="207e00de-2b73-4c68-a5cb-fb9ffc7478e9" label="FixedWall" type="fixed">
		<origin xyz="1.01748 2.0166 0" rpy="1.5708 3.13889 1.5708" />
		<axis xyz="0 0 1" />
		<parent link="0b5242ea-7372-4ce0-a170-5fd59e69984e" />
		<child link="4f28e1c4-04d0-4c7b-b29f-416af2d8fb40" />
		<limits effort="100000000" velocity="100000000" lower="0" upper="0" />
	</joint>
	<link name="4f28e1c4-04d0-4c7b-b29f-416af2d8fb40" label="Wall" type="Wall">
		<inertial>
			<origin xyz="1.25 0 0" rpy="-0 0 -0" />
			<mass value="1" />
			<inertia ixx="1" ixy="1" ixz="1" iyy="1" iyz="1" izz="1" />
		</inertial>
		<visual>
			<origin xyz="1.25 0 0" rpy="-0 0 -0" />
			<geometry>
				<rectangle size="2.500000 1.989145" />
			</geometry>
		</visual>
		<collision>
			<origin xyz="1.25 0 0" rpy="-0 0 -0" />
			<geometry>
				<rectangle size="2.500000 1.989145" />
			</geometry>
		</collision>
	</link>
	<joint name="e1e21273-9464-405b-98b5-e97c183ed228" label="FixedWall" type="fixed">
		<origin xyz="0.0121932 2.01748 0" rpy="1.5708 -2.97419 1.5708" />
		<axis xyz="0 0 1" />
		<parent link="0b5242ea-7372-4ce0-a170-5fd59e69984e" />
		<child link="13e66e21-3b5c-4b2e-a284-9939561ffb04" />
		<limits effort="100000000" velocity="100000000" lower="0" upper="0" />
	</joint>
	<link name="13e66e21-3b5c-4b2e-a284-9939561ffb04" label="Wall" type="Wall">
		<inertial>
			<origin xyz="1.25 0 0" rpy="-0 0 -0" />
			<mass value="1" />
			<inertia ixx="1" ixy="1" ixz="1" iyy="1" iyz="1" izz="1" />
		</inertial>
		<visual>
			<origin xyz="1.25 0 0" rpy="-0 0 -0" />
			<geometry>
				<rectangle size="2.500000 0.021735" />
			</geometry>
		</visual>
		<collision>
			<origin xyz="1.25 0 0" rpy="-0 0 -0" />
			<geometry>
				<rectangle size="2.500000 0.021735" />
			</geometry>
		</collision>
	</link>
</robot>
